::1 - - [22/Dec/2025 08:27:35] "GET / HTTP/1.1" 200 -
::1 - - [22/Dec/2025 08:27:35] "GET /styles.css HTTP/1.1" 200 -
::1 - - [22/Dec/2025 08:27:35] "GET /trap-logic.js HTTP/1.1" 200 -
::1 - - [22/Dec/2025 08:27:35] code 404, message File not found
::1 - - [22/Dec/2025 08:27:35] "GET /favicon.ico HTTP/1.1" 404 -
::1 - - [22/Dec/2025 08:31:55] "GET / HTTP/1.1" 200 -
::1 - - [22/Dec/2025 08:31:55] "GET /styles.css HTTP/1.1" 200 -
::1 - - [22/Dec/2025 08:31:55] "GET /trap-logic.js HTTP/1.1" 200 -
::1 - - [22/Dec/2025 08:31:55] code 404, message File not found
::1 - - [22/Dec/2025 08:31:55] "GET /favicon.ico HTTP/1.1" 404 -
::1 - - [22/Dec/2025 08:32:24] "GET /checkout.html?insurance=true HTTP/1.1" 200 -
::1 - - [22/Dec/2025 08:33:30] "GET /trial.html HTTP/1.1" 200 -
::1 - - [22/Dec/2025 08:34:55] "GET /index.html HTTP/1.1" 200 -
::1 - - [22/Dec/2025 08:39:25] "GET /checkout.html?insurance=true HTTP/1.1" 200 -
::1 - - [22/Dec/2025 08:43:58] "GET / HTTP/1.1" 200 -
::1 - - [22/Dec/2025 08:43:58] "GET /styles.css HTTP/1.1" 200 -
::1 - - [22/Dec/2025 08:43:58] "GET /trap-logic.js HTTP/1.1" 200 -
::1 - - [22/Dec/2025 08:43:58] code 404, message File not found
::1 - - [22/Dec/2025 08:43:58] "GET /favicon.ico HTTP/1.1" 404 -
::1 - - [22/Dec/2025 08:48:21] "GET / HTTP/1.1" 200 -
::1 - - [22/Dec/2025 08:48:21] "GET /styles.css HTTP/1.1" 200 -
::1 - - [22/Dec/2025 08:48:21] "GET /trap-logic.js HTTP/1.1" 200 -
::1 - - [22/Dec/2025 08:48:21] code 404, message File not found
::1 - - [22/Dec/2025 08:48:21] "GET /favicon.ico HTTP/1.1" 404 -
::1 - - [22/Dec/2025 08:51:43] "GET / HTTP/1.1" 200 -
::1 - - [22/Dec/2025 08:51:43] "GET /styles.css HTTP/1.1" 200 -
::1 - - [22/Dec/2025 08:51:43] "GET /trap-logic.js HTTP/1.1" 200 -
::1 - - [22/Dec/2025 08:51:43] code 404, message File not found
::1 - - [22/Dec/2025 08:51:43] "GET /favicon.ico HTTP/1.1" 404 -
::1 - - [22/Dec/2025 08:57:21] "GET / HTTP/1.1" 200 -
::1 - - [22/Dec/2025 08:57:21] "GET /styles.css HTTP/1.1" 200 -
::1 - - [22/Dec/2025 08:57:21] "GET /trap-logic.js HTTP/1.1" 200 -
::1 - - [22/Dec/2025 08:57:22] code 404, message File not found
::1 - - [22/Dec/2025 08:57:22] "GET /favicon.ico HTTP/1.1" 404 -
::1 - - [22/Dec/2025 09:05:00] "GET / HTTP/1.1" 200 -
::1 - - [22/Dec/2025 09:05:00] "GET /styles.css HTTP/1.1" 200 -
::1 - - [22/Dec/2025 09:05:00] "GET /trap-logic.js HTTP/1.1" 200 -
::1 - - [22/Dec/2025 09:05:00] code 404, message File not found
::1 - - [22/Dec/2025 09:05:00] "GET /favicon.ico HTTP/1.1" 404 -
